Database initialized: raydium_pools.db
Using RPC: https://mainnet.helius-rpc.com/...
============================================================
Raydium Token Monitor - WebSocket
============================================================
WebSocket monitor started
[PRICE UPDATER] Price update thread started

[PRICE UPDATER] === Cycle 1 ===
[PRICE UPDATER] Price updater thread started

Web UI: http://localhost:5002
Press Ctrl+C to stop

Connecting to Solana WebSocket: wss://mainnet.helius-rpc.com/?api-key=0ae07551-32df-4d9d-af2a-1925fb7f561f
[PRICE UPDATER] Found 8 pool(s) needing update
[PRICE UPDATER] Pool ages: 83s, 116s, 319s, 350s, 397s, 424s, 526s, 545s
[PRICE UPDATER] [1/8] Pool age: 83s, interval: 30s (0-5min)
[PRICE FETCH] Fetching price for base_mint=4dmECuHi... amm_id=DnVU52Fa...
[METEORA TX] Fetching price from transaction: 4LinoNLEmfpCJ2zd...
 * Serving Flask app 'main'
 * Debug mode: off
[31m[1mWARNING: This is a development server. Do not use it in a production deployment. Use a production WSGI server instead.[0m
 * Running on all addresses (0.0.0.0)
 * Running on http://127.0.0.1:5002
 * Running on http://192.168.0.123:5002
[33mPress CTRL+C to quit[0m
Subscribed to 675kPX9M... : {'jsonrpc': '2.0', 'result': 97974639, 'id': 1}
Subscribed to CPMMoo8L... : {'jsonrpc': '2.0', 'method': 'logsNotification', 'params': {'result': {'context': {'slot': 387110420}, 'value': {'signature': '7rKn3Ncrer5p87DU6fzkDd9J9SuAAvDM7tkj7kSqSufqDAB1rc6gvzMFzyDVyiTGvooUDaE5pdRcb4qhWESZ6LF', 'err': None, 'logs': ['Program ComputeBudget111111111111111111111111111111 invoke [1]', 'Program ComputeBudget111111111111111111111111111111 success', 'Program ComputeBudget111111111111111111111111111111 invoke [1]', 'Program ComputeBudget111111111111111111111111111111 success', 'Program 11111111111111111111111111111111 invoke [1]', 'Program 11111111111111111111111111111111 success', 'Program proVF4pMXVaYqmy4NjniPh4pqKNfMmsihgd4wdkCX3u invoke [1]', 'Program log: Instruction: CreateTokenAccount', 'Program 11111111111111111111111111111111 invoke [2]', 'Program 11111111111111111111111111111111 success', 'Program 11111111111111111111111111111111 invoke [2]', 'Program 11111111111111111111111111111111 success', 'Program TokenkegQfeZyiNwAJbNbGKPFXCWuBvf9Ss623VQ5DA invoke [2]', 'Program log: Instruction: InitializeAccount3', 'Program TokenkegQfeZyiNwAJbNbGKPFXCWuBvf9Ss623VQ5DA consumed 3158 of 336968 compute units', 'Program TokenkegQfeZyiNwAJbNbGKPFXCWuBvf9Ss623VQ5DA success', 'Program proVF4pMXVaYqmy4NjniPh4pqKNfMmsihgd4wdkCX3u consumed 14001 of 347550 compute units', 'Program proVF4pMXVaYqmy4NjniPh4pqKNfMmsihgd4wdkCX3u success', 'Program proVF4pMXVaYqmy4NjniPh4pqKNfMmsihgd4wdkCX3u invoke [1]', 'Program log: Instruction: SwapTob', 'Program log: commission_rate: 8500000, platform_fee_rate: 0, trim_rate: 50, commission_direction: false, acc_close_flag: true', 'Program log: order_id: 105213', 'Program log: AUuCEHQ7sm2i5GmaHrpE961voWcTY8U6mgrkhcV7pump', 'Program log: So11111111111111111111111111111111111111112', 'Program log: DzDUdMYHDg7SjfKLKaHiZdKagz5o7yCQ6DTgJhd9PGW4', 'Program log: DzDUdMYHDg7SjfKLKaHiZdKagz5o7yCQ6DTgJhd9PGW4', 'Program log: before_source_balance: 1312030052181, before_destination_balance: 0, amount_in: 49036366154, expect_amount_out: 2310407805, slippage: 100', 'Program TokenkegQfeZyiNwAJbNbGKPFXCWuBvf9Ss623VQ5DA invoke [2]', 'Program log: Instruction: TransferChecked', 'Program TokenkegQfeZyiNwAJbNbGKPFXCWuBvf9Ss623VQ5DA consumed 6147 of 311271 compute units', 'Program TokenkegQfeZyiNwAJbNbGKPFXCWuBvf9Ss623VQ5DA success', 'Program log: Dex::RaydiumSwapV2 amount_in: 49036366154, offset: 0', 'Program log: CN5L4sc6NJEHYGcLX2Rdz9qk4FgTdphJVLWgjNGGovYQ', 'Program 675kPX9MHTjS2zt1qfr1NYHuzeLXfQM9H24wFSUt1Mp8 invoke [2]', 'Program log: ray_log: A0qRy2oLAAAAAQAAAAAAAAABAAAAAAAAAEqRy2oLAAAAY6/CLigBAABpguLPPRgAAOVA5IoAAAAA', 'Program TokenkegQfeZyiNwAJbNbGKPFXCWuBvf9Ss623VQ5DA invoke [3]', 'Program log: Instruction: Transfer', 'Program TokenkegQfeZyiNwAJbNbGKPFXCWuBvf9Ss623VQ5DA consumed 4645 of 272914 compute units', 'Program TokenkegQfeZyiNwAJbNbGKPFXCWuBvf9Ss623VQ5DA success', 'Program TokenkegQfeZyiNwAJbNbGKPFXCWuBvf9Ss623VQ5DA invoke [3]', 'Program log: Instruction: Transfer', 'Program TokenkegQfeZyiNwAJbNbGKPFXCWuBvf9Ss623VQ5DA consumed 4736 of 265800 compute units', 'Program TokenkegQfeZyiNwAJbNbGKPFXCWuBvf9Ss623VQ5DA success', 'Program 675kPX9MHTjS2zt1qfr1NYHuzeLXfQM9H24wFSUt1Mp8 consumed 25743 of 286232 compute units', 'Program 675kPX9MHTjS2zt1qfr1NYHuzeLXfQM9H24wFSUt1Mp8 success', 'Program log: SwapEvent { dex: RaydiumSwapV2, amount_in: 49036366154, amount_out: 2330214629 }', 'Program proVF4pMXVaYqmy4NjniPh4pqKNfMmsihgd4wdkCX3u invoke [2]', 'Program proVF4pMXVaYqmy4NjniPh4pqKNfMmsihgd4wdkCX3u consumed 5024 of 252341 compute units', 'Program proVF4pMXVaYqmy4NjniPh4pqKNfMmsihgd4wdkCX3u success', 'Program TokenkegQfeZyiNwAJbNbGKPFXCWuBvf9Ss623VQ5DA invoke [2]', 'Program log: Instruction: TransferChecked', 'Program TokenkegQfeZyiNwAJbNbGKPFXCWuBvf9Ss623VQ5DA consumed 6238 of 241565 compute units', 'Program TokenkegQfeZyiNwAJbNbGKPFXCWuBvf9Ss623VQ5DA success', 'Program TokenkegQfeZyiNwAJbNbGKPFXCWuBvf9Ss623VQ5DA invoke [2]', 'Program log: Instruction: CloseAccount', 'Program TokenkegQfeZyiNwAJbNbGKPFXCWuBvf9Ss623VQ5DA consumed 3014 of 232576 compute units', 'Program TokenkegQfeZyiNwAJbNbGKPFXCWuBvf9Ss623VQ5DA success', 'Program 11111111111111111111111111111111 invoke [2]', 'Program 11111111111111111111111111111111 success', 'Program log: commission_direction: false, commission_amount: 19806824, commission_adjust_amount: 0', 'Program log: 9yj3zvLS3fDMqi1F8zhkaWfq8TZpZWHe6cz1Sgt7djXf', 'Program 11111111111111111111111111111111 invoke [2]', 'Program 11111111111111111111111111111111 success', 'Program log: after_source_balance: 1262993686027, after_destination_balance: 2310407805, source_token_change: 49036366154, destination_token_change: 2310407805', 'Program proVF4pMXVaYqmy4NjniPh4pqKNfMmsihgd4wdkCX3u invoke [2]', 'Program proVF4pMXVaYqmy4NjniPh4pqKNfMmsihgd4wdkCX3u consumed 5024 of 217650 compute units', 'Program proVF4pMXVaYqmy4NjniPh4pqKNfMmsihgd4wdkCX3u success', 'Program proVF4pMXVaYqmy4NjniPh4pqKNfMmsihgd4wdkCX3u consumed 121523 of 333549 compute units', 'Program proVF4pMXVaYqmy4NjniPh4pqKNfMmsihgd4wdkCX3u success', 'Program 11111111111111111111111111111111 invoke [1]', 'Program 11111111111111111111111111111111 success']}}, 'subscription': 97974639}}
Subscribed to LBUZKhRx... : {'jsonrpc': '2.0', 'method': 'logsNotification', 'params': {'result': {'context': {'slot': 387110420}, 'value': {'signature': '5jcmY1CiTe9uHyLKuDiXLQDYg7M1e6sTKjsgBP8PMJz9kKgfkAVjBXTcJMSpGmAhhLvnKMiy9Z1pvQ2QTjYLsDGK', 'err': {'InstructionError': [0, {'Custom': 1}]}, 'logs': ['Program King7ki4SKMBPb3iupnQwTyjsq294jaXsgLmJo8cb7T invoke [1]', 'Program log: paths checked: 0', 'Program King7ki4SKMBPb3iupnQwTyjsq294jaXsgLmJo8cb7T consumed 19563 of 499310 compute units', 'Program King7ki4SKMBPb3iupnQwTyjsq294jaXsgLmJo8cb7T failed: custom program error: 0x1']}}, 'subscription': 97974639}}
Subscribed to cpamdpZC... : {'jsonrpc': '2.0', 'method': 'logsNotification', 'params': {'result': {'context': {'slot': 387110420}, 'value': {'signature': '3z2QpQ1v8fbUEPq88CjS34DpXvrBXFCr7GVSjLVjRLpEN7mwh4uwCNARSWw8XDfxm2mQw27tJEXt3jEKWLGfcH2F', 'err': {'InstructionError': [2, {'Custom': 6039}]}, 'logs': ['Program ComputeBudget111111111111111111111111111111 invoke [1]', 'Program ComputeBudget111111111111111111111111111111 success', 'Program ComputeBudget111111111111111111111111111111 invoke [1]', 'Program ComputeBudget111111111111111111111111111111 success', 'Program MEViZt7uNtZs47XkjujUuMSAxxxVtQQ25SwToLcEckt invoke [1]', 'Program log: 0-1', 'Program LBUZKhRxPF3XUpBCjp4YzTKgLccjZhTSDM9YuVaPwxo invoke [2]', 'Program log: Instruction: Swap2', 'Program LBUZKhRxPF3XUpBCjp4YzTKgLccjZhTSDM9YuVaPwxo invoke [3]', 'Program LBUZKhRxPF3XUpBCjp4YzTKgLccjZhTSDM9YuVaPwxo consumed 2212 of 252421 compute units', 'Program LBUZKhRxPF3XUpBCjp4YzTKgLccjZhTSDM9YuVaPwxo success', 'Program log: AnchorError thrown in programs/lb_clmm/src/instructions/v2/swap2.rs:522. Error Code: InsufficientOutAmount. Error Number: 6039. Error Message: Insufficient amount in for minimum out.', 'Program LBUZKhRxPF3XUpBCjp4YzTKgLccjZhTSDM9YuVaPwxo consumed 27674 of 275805 compute units', 'Program LBUZKhRxPF3XUpBCjp4YzTKgLccjZhTSDM9YuVaPwxo failed: custom program error: 0x1797', 'Program MEViZt7uNtZs47XkjujUuMSAxxxVtQQ25SwToLcEckt consumed 51604 of 299735 compute units', 'Program MEViZt7uNtZs47XkjujUuMSAxxxVtQQ25SwToLcEckt failed: custom program error: 0x1797']}}, 'subscription': 97974639}}
Listening for new pool launches from Raydium (V4 & CPMM) and Meteora...
- Raydium V4: Filtering for 'initialize2' instruction
- Raydium CPMM: Filtering for 'InitializeWithPermission' or 'Initialize' instruction
- Meteora (standard): Filtering for on-chain initialize_* and migration_damm_v2 instructions
- Meteora (alternative): Filtering for 'InitializePoolWithDynamicConfig' instruction
[METEORA TX] ✓ Found vault: 2Yyr1whG...
[METEORA TX] ✓ Found vault: 4dmECuHi...
[METEORA TX] ✓ Found vault: AGnDv3yx...
[METEORA TX] ✓ Vault 2Yyr1whG... balance: 0.00000484 (So111111...)
[METEORA TX] ✓ Vault 4dmECuHi... balance: 0.00000000 (11113FH9...)
[METEORA TX] ⚠ Pool appears depleted - less than 2 non-zero vaults
127.0.0.1 - - [16/Dec/2025 15:34:17] "GET /api/meteora/price/DiwwxKZyg66NxKsB9pm3VdvamGuZmFTZ4ZrjH3BpYwNi HTTP/1.1" 200 -
