[WEBHOOK_INIT] Tables created/verified
[WEBHOOK_INTEGRATION] Routes registered: /helius/webhook, /api/webhook/status, /api/webhook/usage-snapshot
[WORKER] Started
[WEBHOOK_INTEGRATION] Worker thread started
[WEBHOOK_INTEGRATION] Webhook system initialized
[WEBHOOK_API] Enriched routes registered: /creator-recent-checks/enriched, /creators/top-risk, /creator/<>/risk-details
[WEBHOOK] M5 Webhook-First Low-RPC Architecture initialized successfully
[OPTIMIZATION] Helius optimization metrics API routes registered successfully
[RPC_SAVINGS] RPC savings and efficiency dashboard APIs registered successfully
[LAUNCH_PREDICTION] Phase 3.3+ launch prediction API routes registered successfully
[ADVANCED_FARM_INTELLIGENCE] Phase 4 advanced farm intelligence API routes registered successfully
[DEV_INTELLIGENCE] Dev intelligence graph API routes registered successfully
[FLEX_UI] FLEX UI API routes registered successfully
[DASHBOARD] FLEX Intelligence Dashboard routes registered successfully
[PRICE_API] Token Price API routes registered successfully
[FLASK] Starting Migration Tracker UI...
[FLASK] Dashboard available at http://localhost:5002
[FLASK] Database: database/flex_complete_database.db
[PRICE_WORKER] Creating worker thread
[PRICE_WORKER] thread created
[PRICE_WORKER] _run_loop THREAD STARTED
[PRICE_WORKER] thread.start() executed
[PRICE_WORKER] self.running = True
[PRICE_WORKER] thread alive: True
[PRICE_WORKER] CYCLE LOOP ENTERED
[PRICE_WORKER] Background price worker started - fetching prices every 10s (HIGH), 30s (MEDIUM), 200s (LOW)
[PRICE_WORKER] cycle at 1774473391.374978
[LIQUIDITY_WORKER] Background liquidity worker started - updating every 60s
 * Serving Flask app 'main'
 * Debug mode: off
[POOL_WS] 🗺️  Built account map: 86 accounts → 43 pools (0 new)
[POOL_WS] 🚀 Starting WebSocket client to subscribe to 86 pool accounts
[POOL_WS] 🗺️  Built account map: 86 accounts → 43 pools (0 new)
[POOL_WS] 🔄 refresh_pools: 86 → 86 accounts
[SOL_PRICE] ✅ Fetched from CoinGecko: $91.44
[RPC_METRICS] record_request source_file=pool_price_engine method=getMultipleAccounts credits=1 cache_action=none ts=1774473391.613929
[POOL_STATE] ✅ READY: 3yeggvaS... (base=501865376334777, quote=67119667)
[POOL_STATE] ✅ READY: 7Zwqkcex... (base=1117278110234833, quote=37393318)
[POOL_STATE] ✅ READY: 4kATGSrX... (base=1621479223384958, quote=27333955)
[POOL_STATE] ✅ READY: 2YHzYsXr... (base=863811269042832, quote=26340053)
[POOL_STATE] ✅ READY: EKE4QAin... (base=1256000493914414, quote=14575597)
[POOL_STATE] ✅ READY: 6RT31qHQ... (base=1486752726930031, quote=68770960)
[POOL_STATE] ✅ READY: DKt9Ybcx... (base=1842163226631942, quote=20363666)
[POOL_STATE] ✅ READY: 7SY6n79m... (base=1639576273293730, quote=14640415)
[POOL_STATE] ✅ READY: 7hBmcJ4W... (base=1993053088535222, quote=45489673)
[POOL_STATE] ✅ READY: BrqF9Rd9... (base=1165493600314453, quote=11422910)
[POOL_STATE] ✅ READY: 9uZxNAAK... (base=186880142857999, quote=119197786154)
[POOL_STATE] ✅ READY: J3zQ2TqR... (base=1226139784952807, quote=43930340)
[POOL_STATE] ✅ READY: 2U38GVN4... (base=235857107008039, quote=74954417687)
[POOL_STATE] ✅ READY: 2XECEfdz... (base=865624098697223, quote=20429922202)
[POOL_STATE] ✅ READY: 7kSVgw4A... (base=975127979725078, quote=18054858282)
[POOL_STATE] ✅ READY: AtuBSitR... (base=1789025088180195, quote=23170061)
[POOL_STATE] ✅ READY: 9tohbPwL... (base=1650096015966300, quote=23453046)
[POOL_STATE] ✅ READY: D2K5Q1z5... (base=1247046460635288, quote=25319962)
[POOL_STATE] ✅ READY: 45u3Yjkr... (base=1425316586486989, quote=27167758)
[POOL_STATE] ✅ READY: HGmfix9B... (base=985144923837744, quote=17914068172)
[POOL_STATE] ✅ READY: DwzmkB7M... (base=140600164828531, quote=128706192076)
[POOL_STATE] ✅ READY: AEFzPhKZ... (base=1484294904138638, quote=18911767)
[POOL_STATE] ✅ READY: DGgmS6aH... (base=401081496822435, quote=43943034007)
[POOL_STATE] ✅ READY: CPfQbJ6e... (base=139417431820445, quote=144562993909)
[POOL_STATE] ✅ READY: EkMfHYVU... (base=894651603046001, quote=19734539459)
[POOL_STATE] ✅ READY: 21QbR466... (base=897915252650127, quote=21506417010)
[POOL_STATE] ✅ READY: CR8w8WPt... (base=91453625447461, quote=317728892821)
[POOL_STATE] ✅ READY: EF3nG8hn... (base=340694041620921, quote=51841468813)
[POOL_STATE] ✅ READY: 53gpsbra... (base=1835654340597455, quote=19963485)
[POOL_STATE] ✅ READY: HTuMVVHe... (base=996585461913537, quote=18055882625)
[POOL_STATE] ✅ READY: 52p34AKX... (base=702499522712026, quote=27160677513)
[POOL_STATE] ✅ READY: qYcmq6ZU... (base=1268610006374265, quote=12323321)
[POOL_STATE] ✅ READY: 6k7YUpKg... (base=945742980154121, quote=72189647)
[POOL_STATE] ✅ READY: 27EhRFRB... (base=909393159161999, quote=19451799835)
[POOL_STATE] ✅ READY: 6RE8tX7k... (base=753625484262482, quote=24773780393)
[POOL_STATE] ✅ READY: GfXVT6i8... (base=363482270211365, quote=50558078249)
[POOL_STATE] ✅ READY: 7jAZvneR... (base=877825147575594, quote=20113872532)
[POOL_STATE] ✅ READY: 5x7pbyYs... (base=639356368669441, quote=28153142850)
[POOL_STATE] ✅ READY: 6gPALH8g... (base=759066968315787, quote=23923320475)
[POOL_STATE] ✅ READY: 3qa6zByv... (base=1737685025226085, quote=16653165)
[POOL_STATE] ✅ READY: 4UPUXWLe... (base=220014681511122, quote=80598448495)
[POOL_STATE] ✅ READY: FVNediAc... (base=247059101739083, quote=75696378046)
[PRICE_WORKER] ✅ Bootstrapped 42 mints (42 with liquidity, 1 missing RPC data, 0 zero-liquidity)
[RPC_METRICS] record_request source_file=pool_price_engine method=getMultipleAccounts credits=1 cache_action=none ts=1774473391.69204
[POOL_WS] ✅ Subscribed to 86/86 pool accounts
[POOL_WS] 🔄 _receive_loop started, waiting for account notifications...
[POOL_WS] 📨 Received message #1: {"jsonrpc":"2.0","method":"accountNotification","params":{"subscription":4949808,"result":{"context"...
[POOL_WS] 📨 Received message #2: {"jsonrpc":"2.0","method":"accountNotification","params":{"subscription":4949809,"result":{"context"...
[POOL_WS] 📨 Received message #3: {"jsonrpc":"2.0","method":"accountNotification","params":{"subscription":4949752,"result":{"context"...
[SOL_PRICE] ✅ Fetched from Binance: $91.53
