[WEBHOOK_INIT] Tables created/verified
[WEBHOOK_INTEGRATION] Routes registered: /helius/webhook, /api/webhook/status, /api/webhook/usage-snapshot
[WORKER] Started
[WEBHOOK_INTEGRATION] Worker thread started
[WEBHOOK_INTEGRATION] Webhook system initialized
[WEBHOOK_API] Enriched routes registered: /creator-recent-checks/enriched, /creators/top-risk, /creator/<>/risk-details
[WEBHOOK] M5 Webhook-First Low-RPC Architecture initialized successfully
[OPTIMIZATION] Helius optimization metrics API routes registered successfully
[RPC_SAVINGS] RPC savings and efficiency dashboard APIs registered successfully
[LAUNCH_PREDICTION] Phase 3.3+ launch prediction API routes registered successfully
[ADVANCED_FARM_INTELLIGENCE] Phase 4 advanced farm intelligence API routes registered successfully
[DEV_INTELLIGENCE] Dev intelligence graph API routes registered successfully
[FLEX_UI] FLEX UI API routes registered successfully
[DASHBOARD] FLEX Intelligence Dashboard routes registered successfully
[PRICE_API] Token Price API routes registered successfully
[FLASK] Starting Migration Tracker UI...
[FLASK] Dashboard available at http://localhost:5002
[FLASK] Database: database/flex_complete_database.db
[WS-STARTUP] Attempting WebSocket startup...
[AUTO-START] WebSocket not started. Found 110 active pools. Starting WebSocket.
[WS-STARTUP] Attempting WebSocket startup...
[WS-STARTUP] Found 110 active pools from database
[WS-STARTUP] Creating new WebSocket client and starting with 110 pools
[POOL_WS] 🗺️  Built account map: 123 accounts → 110 pools
[POOL_WS] 🚀 Starting WebSocket client to subscribe to 123 pool accounts
[WS-STARTUP] ✅ WebSocket started successfully with 110 subscriptions
[PRICE_WORKER] Background price worker started - fetching prices every 10s (HIGH), 30s (MEDIUM), 200s (LOW)
[WS-STARTUP] Found 110 active pools from database
[WS-STARTUP] WebSocket already running — refreshing subscriptions with 110 pools
[POOL_WS] 🗺️  Built account map: 123 accounts → 110 pools
[LIQUIDITY_WORKER] Background liquidity worker started - updating every 60s
 * Serving Flask app 'main'
 * Debug mode: off
[POOL_WS] 🗺️  Built account map: 123 accounts → 110 pools
SOL price fetch failed: Cannot connect to host price.jup.ag:443 ssl:default [nodename nor servname provided, or not known]
[SOL_PRICE] ⚠️  Using fallback price: $94.00
[RPC_METRICS] record_request source_file=pool_price_engine method=getMultipleAccounts credits=1 cache_action=none ts=1773745311.876259
[POOL_WS] ✅ Subscribed to 123/123 pool accounts
[POOL_STATE] ✅ READY: 3qFqa2n9... both reserves!
[RPC_METRICS] record_request source_file=pool_price_engine method=getMultipleAccounts credits=1 cache_action=none ts=1773745312.0670679
[RPC_METRICS] record_request source_file=pool_price_engine method=getMultipleAccounts credits=1 cache_action=none ts=1773745312.22392
[POOL_STATE] ✅ READY: 6StoYHSp... both reserves!
[POOL_STATE] ✅ READY: BQfTgDEb... both reserves!
[POOL_STATE] ✅ READY: HjARmyvD... both reserves!
[POOL_STATE] ✅ READY: 2yeyNC83... both reserves!
[POOL_WS] 📥 Decoded 100 reserve updates (dedup: 0)
[WS-COMPUTE] Computing prices for 34 mints from WebSocket state: ['F7bqt9s1QRFiy9ZgDgUvvgzXHKM3xgfTjHjuDrripump', '6StoYHSpz6ViUwoaNrWH56GG6bGXFPAihvh1FmmZpump', '8guooLoG7cV7EjfvUEbVCSqqTP5XoetgGetCYDv3pump', 'gDjbEGTAeT95TurQUwNM6zKKuMfXtNBguZTwN89pump', '6f9qXbb5gt2ejARpQMVoQnjF5hC8VP54dAFVvo9Wpump']
[WS-COMPUTE] Pool state has 35 pool entries (partial + complete)
SOL price fetch failed: Cannot connect to host price.jup.ag:443 ssl:default [nodename nor servname provided, or not known]
[SOL_PRICE] ⚠️  Using fallback price: $94.00
[POOL_STATE] F7bqt9s1: 0 complete, base_only=0, quote_only=1, partial=1
[POOL_STATE] 8guooLoG: 0 complete, base_only=0, quote_only=1, partial=1
[POOL_STATE] gDjbEGTA: 0 complete, base_only=0, quote_only=1, partial=1
[POOL_STATE] 6f9qXbb5: 0 complete, base_only=0, quote_only=1, partial=1
[POOL_STATE] 8Stvfuba: 0 complete, base_only=0, quote_only=1, partial=1
[POOL_STATE] HorJc4Xz: 0 complete, base_only=0, quote_only=1, partial=1
[POOL_STATE] CgvMFvYs: 0 complete, base_only=0, quote_only=1, partial=1
[POOL_STATE] 5DZpvxcQ: 0 complete, base_only=0, quote_only=1, partial=1
[POOL_STATE] 3nhRZuke: 0 complete, base_only=0, quote_only=1, partial=1
[POOL_STATE] BtfAhqwb: 0 complete, base_only=0, quote_only=1, partial=1
[POOL_STATE] 7gfbQSUW: 0 complete, base_only=0, quote_only=1, partial=1
[POOL_STATE] AwyhRei9: 0 complete, base_only=0, quote_only=1, partial=1
[POOL_STATE] 3jrcVETa: 0 complete, base_only=0, quote_only=1, partial=1
[POOL_STATE] B2P5Xyns: 0 complete, base_only=0, quote_only=1, partial=1
[POOL_STATE] 38gyUiTM: 0 complete, base_only=0, quote_only=1, partial=1
[POOL_STATE] 9p1JkU6g: 0 complete, base_only=0, quote_only=1, partial=1
[POOL_STATE] CKGAXZSr: 0 complete, base_only=0, quote_only=1, partial=1
[POOL_STATE] 8Ffrw9EE: 0 complete, base_only=0, quote_only=1, partial=1
[POOL_STATE] CZyU2AMA: 0 complete, base_only=0, quote_only=1, partial=1
[POOL_STATE] By6Rey1n: 0 complete, base_only=0, quote_only=1, partial=1
[POOL_STATE] RtaaD9aC: 0 complete, base_only=0, quote_only=1, partial=1
[POOL_STATE] D5qgZMsu: 0 complete, base_only=0, quote_only=1, partial=1
[POOL_STATE] 5cDhM4yM: 0 complete, base_only=2, quote_only=0, partial=2
[POOL_STATE] 9ZZpxJsV: 0 complete, base_only=0, quote_only=1, partial=1
[POOL_STATE] 8q2iSbbU: 0 complete, base_only=0, quote_only=1, partial=1
[POOL_STATE] CmXzBMY4: 0 complete, base_only=0, quote_only=1, partial=1
[POOL_STATE] DnhSMX7b: 0 complete, base_only=0, quote_only=1, partial=1
[POOL_STATE] AG3VLLrr: 0 complete, base_only=0, quote_only=1, partial=1
[POOL_STATE] 5e6XoKcv: 0 complete, base_only=0, quote_only=1, partial=1
[POOL_STATE] ✅ READY: BtfAhqwb... both reserves!
[POOL_WS] 📥 Decoded 200 reserve updates (dedup: 0)
[POOL_WS] 📥 Decoded 300 reserve updates (dedup: 2)
[POOL_WS] 📥 Decoded 400 reserve updates (dedup: 3)
[POOL_WS] 📥 Decoded 500 reserve updates (dedup: 3)
[POOL_WS] 📥 Decoded 600 reserve updates (dedup: 3)
[CAPABILITY_CHECK] Phase 2A networks_release: ENABLED
[POOL_WS] 📥 Decoded 700 reserve updates (dedup: 3)
[POOL_STATE] ✅ READY: 38gyUiTM... both reserves!
[POOL_WS] 📥 Decoded 800 reserve updates (dedup: 3)
[POOL_WS] 📥 Decoded 900 reserve updates (dedup: 3)
[WS-COMPUTE] Computing prices for 35 mints from WebSocket state: ['F7bqt9s1QRFiy9ZgDgUvvgzXHKM3xgfTjHjuDrripump', '6StoYHSpz6ViUwoaNrWH56GG6bGXFPAihvh1FmmZpump', '8guooLoG7cV7EjfvUEbVCSqqTP5XoetgGetCYDv3pump', 'gDjbEGTAeT95TurQUwNM6zKKuMfXtNBguZTwN89pump', '6f9qXbb5gt2ejARpQMVoQnjF5hC8VP54dAFVvo9Wpump']
[WS-COMPUTE] Pool state has 36 pool entries (partial + complete)
[POOL_STATE] F7bqt9s1: 0 complete, base_only=0, quote_only=1, partial=1
[POOL_STATE] 8guooLoG: 0 complete, base_only=0, quote_only=1, partial=1
[POOL_STATE] gDjbEGTA: 0 complete, base_only=0, quote_only=1, partial=1
[POOL_STATE] 6f9qXbb5: 0 complete, base_only=0, quote_only=1, partial=1
[POOL_STATE] 8Stvfuba: 0 complete, base_only=0, quote_only=1, partial=1
[POOL_STATE] HorJc4Xz: 0 complete, base_only=0, quote_only=1, partial=1
[POOL_STATE] CgvMFvYs: 0 complete, base_only=0, quote_only=1, partial=1
[POOL_STATE] 5DZpvxcQ: 0 complete, base_only=0, quote_only=1, partial=1
[POOL_STATE] 3nhRZuke: 0 complete, base_only=0, quote_only=1, partial=1
[POOL_STATE] 7gfbQSUW: 0 complete, base_only=0, quote_only=1, partial=1
[POOL_STATE] AwyhRei9: 0 complete, base_only=0, quote_only=1, partial=1
[POOL_STATE] 3jrcVETa: 0 complete, base_only=0, quote_only=1, partial=1
[POOL_STATE] B2P5Xyns: 0 complete, base_only=0, quote_only=1, partial=1
[POOL_STATE] 9p1JkU6g: 0 complete, base_only=0, quote_only=1, partial=1
[POOL_STATE] CKGAXZSr: 0 complete, base_only=0, quote_only=1, partial=1
[POOL_STATE] 8Ffrw9EE: 0 complete, base_only=0, quote_only=1, partial=1
[POOL_STATE] CZyU2AMA: 0 complete, base_only=0, quote_only=1, partial=1
[POOL_STATE] By6Rey1n: 0 complete, base_only=0, quote_only=1, partial=1
[POOL_STATE] RtaaD9aC: 0 complete, base_only=0, quote_only=1, partial=1
[POOL_STATE] D5qgZMsu: 0 complete, base_only=0, quote_only=1, partial=1
[POOL_STATE] 5cDhM4yM: 0 complete, base_only=2, quote_only=0, partial=2
[POOL_STATE] 9ZZpxJsV: 0 complete, base_only=0, quote_only=1, partial=1
[POOL_STATE] 8q2iSbbU: 0 complete, base_only=0, quote_only=1, partial=1
[POOL_STATE] xYsjxCWG: 0 complete, base_only=1, quote_only=0, partial=1
[POOL_STATE] CmXzBMY4: 0 complete, base_only=0, quote_only=1, partial=1
[POOL_STATE] DnhSMX7b: 0 complete, base_only=0, quote_only=1, partial=1
[POOL_STATE] AG3VLLrr: 0 complete, base_only=0, quote_only=1, partial=1
[POOL_STATE] 5e6XoKcv: 0 complete, base_only=0, quote_only=1, partial=1
[POOL_WS] 📥 Decoded 1000 reserve updates (dedup: 5)
[POOL_WS] 📥 Decoded 1100 reserve updates (dedup: 5)
[POOL_WS] 📥 Decoded 1200 reserve updates (dedup: 5)
[POOL_WS] 📥 Decoded 1300 reserve updates (dedup: 7)
[POOL_WS] 📥 Decoded 1400 reserve updates (dedup: 8)
[POOL_WS] 📥 Decoded 1500 reserve updates (dedup: 9)
[POOL_WS] 📥 Decoded 1600 reserve updates (dedup: 10)
[POOL_STATE] ✅ READY: 8cPHPDVt... both reserves!
[POOL_WS] 📥 Decoded 1700 reserve updates (dedup: 12)
[POOL_WS] 📥 Decoded 1800 reserve updates (dedup: 14)
[WS-COMPUTE] Computing prices for 37 mints from WebSocket state: ['F7bqt9s1QRFiy9ZgDgUvvgzXHKM3xgfTjHjuDrripump', '6StoYHSpz6ViUwoaNrWH56GG6bGXFPAihvh1FmmZpump', '8guooLoG7cV7EjfvUEbVCSqqTP5XoetgGetCYDv3pump', 'gDjbEGTAeT95TurQUwNM6zKKuMfXtNBguZTwN89pump', '6f9qXbb5gt2ejARpQMVoQnjF5hC8VP54dAFVvo9Wpump']
[WS-COMPUTE] Pool state has 38 pool entries (partial + complete)
[POOL_STATE] F7bqt9s1: 0 complete, base_only=0, quote_only=1, partial=1
[POOL_STATE] 8guooLoG: 0 complete, base_only=0, quote_only=1, partial=1
[POOL_STATE] gDjbEGTA: 0 complete, base_only=0, quote_only=1, partial=1
[POOL_STATE] 6f9qXbb5: 0 complete, base_only=0, quote_only=1, partial=1
[POOL_STATE] 8Stvfuba: 0 complete, base_only=0, quote_only=1, partial=1
[POOL_STATE] HorJc4Xz: 0 complete, base_only=0, quote_only=1, partial=1
[POOL_STATE] CgvMFvYs: 0 complete, base_only=0, quote_only=1, partial=1
[POOL_STATE] 5DZpvxcQ: 0 complete, base_only=0, quote_only=1, partial=1
[POOL_STATE] 3nhRZuke: 0 complete, base_only=0, quote_only=1, partial=1
[POOL_STATE] 7gfbQSUW: 0 complete, base_only=0, quote_only=1, partial=1
[POOL_STATE] AwyhRei9: 0 complete, base_only=0, quote_only=1, partial=1
[POOL_STATE] 3jrcVETa: 0 complete, base_only=0, quote_only=1, partial=1
[POOL_STATE] B2P5Xyns: 0 complete, base_only=0, quote_only=1, partial=1
[POOL_STATE] 9p1JkU6g: 0 complete, base_only=0, quote_only=1, partial=1
[POOL_STATE] CKGAXZSr: 0 complete, base_only=0, quote_only=1, partial=1
[POOL_STATE] 8Ffrw9EE: 0 complete, base_only=0, quote_only=1, partial=1
[POOL_STATE] CZyU2AMA: 0 complete, base_only=0, quote_only=1, partial=1
[POOL_STATE] By6Rey1n: 0 complete, base_only=0, quote_only=1, partial=1
[POOL_STATE] RtaaD9aC: 0 complete, base_only=0, quote_only=1, partial=1
[POOL_STATE] D5qgZMsu: 0 complete, base_only=0, quote_only=1, partial=1
[POOL_STATE] GfDfRvhG: 0 complete, base_only=1, quote_only=0, partial=1
[POOL_STATE] 5cDhM4yM: 0 complete, base_only=2, quote_only=0, partial=2
[POOL_STATE] 9ZZpxJsV: 0 complete, base_only=0, quote_only=1, partial=1
[POOL_STATE] 8q2iSbbU: 0 complete, base_only=0, quote_only=1, partial=1
[POOL_STATE] xYsjxCWG: 0 complete, base_only=1, quote_only=0, partial=1
[POOL_STATE] CmXzBMY4: 0 complete, base_only=0, quote_only=1, partial=1
[POOL_STATE] DnhSMX7b: 0 complete, base_only=0, quote_only=1, partial=1
[POOL_STATE] AG3VLLrr: 0 complete, base_only=0, quote_only=1, partial=1
[POOL_STATE] 5e6XoKcv: 0 complete, base_only=0, quote_only=1, partial=1
[POOL_WS] 📥 Decoded 1900 reserve updates (dedup: 15)
[POOL_WS] 📥 Decoded 2000 reserve updates (dedup: 16)
[POOL_WS] 📥 Decoded 2100 reserve updates (dedup: 16)
[POOL_WS] 📥 Decoded 2200 reserve updates (dedup: 16)
[POOL_WS] 📥 Decoded 2300 reserve updates (dedup: 16)
[POOL_WS] 📥 Decoded 2400 reserve updates (dedup: 17)
[POOL_WS] 📥 Decoded 2500 reserve updates (dedup: 19)
[POOL_WS] 📥 Decoded 2600 reserve updates (dedup: 20)
[POOL_WS] 📥 Decoded 2700 reserve updates (dedup: 20)
[WS-COMPUTE] Computing prices for 37 mints from WebSocket state: ['F7bqt9s1QRFiy9ZgDgUvvgzXHKM3xgfTjHjuDrripump', '6StoYHSpz6ViUwoaNrWH56GG6bGXFPAihvh1FmmZpump', '8guooLoG7cV7EjfvUEbVCSqqTP5XoetgGetCYDv3pump', 'gDjbEGTAeT95TurQUwNM6zKKuMfXtNBguZTwN89pump', '6f9qXbb5gt2ejARpQMVoQnjF5hC8VP54dAFVvo9Wpump']
[WS-COMPUTE] Pool state has 38 pool entries (partial + complete)
SOL price fetch failed: Cannot connect to host price.jup.ag:443 ssl:default [nodename nor servname provided, or not known]
[SOL_PRICE] ⚠️  Using fallback price: $94.00
[POOL_STATE] F7bqt9s1: 0 complete, base_only=0, quote_only=1, partial=1
[POOL_STATE] 8guooLoG: 0 complete, base_only=0, quote_only=1, partial=1
[POOL_STATE] gDjbEGTA: 0 complete, base_only=0, quote_only=1, partial=1
[POOL_STATE] 6f9qXbb5: 0 complete, base_only=0, quote_only=1, partial=1
[POOL_STATE] 8Stvfuba: 0 complete, base_only=0, quote_only=1, partial=1
[POOL_STATE] HorJc4Xz: 0 complete, base_only=0, quote_only=1, partial=1
[POOL_STATE] CgvMFvYs: 0 complete, base_only=0, quote_only=1, partial=1
[POOL_STATE] 5DZpvxcQ: 0 complete, base_only=0, quote_only=1, partial=1
[POOL_STATE] 3nhRZuke: 0 complete, base_only=0, quote_only=1, partial=1
[POOL_STATE] 7gfbQSUW: 0 complete, base_only=0, quote_only=1, partial=1
[POOL_STATE] AwyhRei9: 0 complete, base_only=0, quote_only=1, partial=1
[POOL_STATE] 3jrcVETa: 0 complete, base_only=0, quote_only=1, partial=1
[POOL_STATE] B2P5Xyns: 0 complete, base_only=0, quote_only=1, partial=1
[POOL_STATE] 9p1JkU6g: 0 complete, base_only=0, quote_only=1, partial=1
[POOL_STATE] CKGAXZSr: 0 complete, base_only=0, quote_only=1, partial=1
[POOL_STATE] 8Ffrw9EE: 0 complete, base_only=0, quote_only=1, partial=1
[POOL_STATE] CZyU2AMA: 0 complete, base_only=0, quote_only=1, partial=1
[POOL_STATE] By6Rey1n: 0 complete, base_only=0, quote_only=1, partial=1
[POOL_STATE] RtaaD9aC: 0 complete, base_only=0, quote_only=1, partial=1
[POOL_STATE] D5qgZMsu: 0 complete, base_only=0, quote_only=1, partial=1
[POOL_STATE] GfDfRvhG: 0 complete, base_only=1, quote_only=0, partial=1
[POOL_STATE] 5cDhM4yM: 0 complete, base_only=2, quote_only=0, partial=2
[POOL_STATE] 9ZZpxJsV: 0 complete, base_only=0, quote_only=1, partial=1
[POOL_STATE] 8q2iSbbU: 0 complete, base_only=0, quote_only=1, partial=1
[POOL_STATE] xYsjxCWG: 0 complete, base_only=1, quote_only=0, partial=1
[POOL_STATE] CmXzBMY4: 0 complete, base_only=0, quote_only=1, partial=1
[POOL_STATE] DnhSMX7b: 0 complete, base_only=0, quote_only=1, partial=1
[POOL_STATE] AG3VLLrr: 0 complete, base_only=0, quote_only=1, partial=1
[POOL_STATE] 5e6XoKcv: 0 complete, base_only=0, quote_only=1, partial=1
[POOL_WS] 📥 Decoded 2800 reserve updates (dedup: 20)
[POOL_WS] 📥 Decoded 2900 reserve updates (dedup: 21)
[POOL_WS] 📥 Decoded 3000 reserve updates (dedup: 23)
[POOL_WS] 📥 Decoded 3100 reserve updates (dedup: 24)
[POOL_WS] 📥 Decoded 3200 reserve updates (dedup: 24)
[POOL_WS] 📥 Decoded 3300 reserve updates (dedup: 24)
[POOL_STATE] ✅ READY: 3UaZsmci... both reserves!
[POOL_WS] 📥 Decoded 3400 reserve updates (dedup: 25)
[POOL_WS] 📥 Decoded 3500 reserve updates (dedup: 25)
[WS-COMPUTE] Computing prices for 38 mints from WebSocket state: ['F7bqt9s1QRFiy9ZgDgUvvgzXHKM3xgfTjHjuDrripump', '6StoYHSpz6ViUwoaNrWH56GG6bGXFPAihvh1FmmZpump', '8guooLoG7cV7EjfvUEbVCSqqTP5XoetgGetCYDv3pump', 'gDjbEGTAeT95TurQUwNM6zKKuMfXtNBguZTwN89pump', '6f9qXbb5gt2ejARpQMVoQnjF5hC8VP54dAFVvo9Wpump']
[WS-COMPUTE] Pool state has 39 pool entries (partial + complete)
[POOL_STATE] F7bqt9s1: 0 complete, base_only=0, quote_only=1, partial=1
[POOL_STATE] 8guooLoG: 0 complete, base_only=0, quote_only=1, partial=1
[POOL_STATE] gDjbEGTA: 0 complete, base_only=0, quote_only=1, partial=1
[POOL_STATE] 6f9qXbb5: 0 complete, base_only=0, quote_only=1, partial=1
[POOL_STATE] 8Stvfuba: 0 complete, base_only=0, quote_only=1, partial=1
[POOL_STATE] HorJc4Xz: 0 complete, base_only=0, quote_only=1, partial=1
[POOL_STATE] CgvMFvYs: 0 complete, base_only=0, quote_only=1, partial=1
[POOL_STATE] 5DZpvxcQ: 0 complete, base_only=0, quote_only=1, partial=1
[POOL_STATE] 3nhRZuke: 0 complete, base_only=0, quote_only=1, partial=1
[POOL_STATE] 7gfbQSUW: 0 complete, base_only=0, quote_only=1, partial=1
[POOL_STATE] AwyhRei9: 0 complete, base_only=0, quote_only=1, partial=1
[POOL_STATE] 3jrcVETa: 0 complete, base_only=0, quote_only=1, partial=1
[POOL_STATE] B2P5Xyns: 0 complete, base_only=0, quote_only=1, partial=1
[POOL_STATE] 9p1JkU6g: 0 complete, base_only=0, quote_only=1, partial=1
[POOL_STATE] CKGAXZSr: 0 complete, base_only=0, quote_only=1, partial=1
[POOL_STATE] 8Ffrw9EE: 0 complete, base_only=0, quote_only=1, partial=1
[POOL_STATE] CZyU2AMA: 0 complete, base_only=0, quote_only=1, partial=1
[POOL_STATE] By6Rey1n: 0 complete, base_only=0, quote_only=1, partial=1
[POOL_STATE] RtaaD9aC: 0 complete, base_only=0, quote_only=1, partial=1
[POOL_STATE] D5qgZMsu: 0 complete, base_only=0, quote_only=1, partial=1
[POOL_STATE] GfDfRvhG: 0 complete, base_only=1, quote_only=0, partial=1
[POOL_STATE] 5cDhM4yM: 0 complete, base_only=2, quote_only=0, partial=2
[POOL_STATE] 9ZZpxJsV: 0 complete, base_only=0, quote_only=1, partial=1
[POOL_STATE] 8q2iSbbU: 0 complete, base_only=0, quote_only=1, partial=1
[POOL_STATE] xYsjxCWG: 0 complete, base_only=1, quote_only=0, partial=1
[POOL_STATE] CmXzBMY4: 0 complete, base_only=0, quote_only=1, partial=1
[POOL_STATE] DnhSMX7b: 0 complete, base_only=0, quote_only=1, partial=1
[POOL_STATE] AG3VLLrr: 0 complete, base_only=0, quote_only=1, partial=1
[POOL_STATE] 5e6XoKcv: 0 complete, base_only=0, quote_only=1, partial=1
[POOL_WS] 📥 Decoded 3600 reserve updates (dedup: 25)
[POOL_WS] 📥 Decoded 3700 reserve updates (dedup: 26)
[POOL_WS] 📥 Decoded 3800 reserve updates (dedup: 30)
[POOL_WS] 📥 Decoded 3900 reserve updates (dedup: 31)
[POOL_WS] 📥 Decoded 4000 reserve updates (dedup: 31)
[POOL_WS] 📥 Decoded 4100 reserve updates (dedup: 31)
[POOL_WS] 📥 Decoded 4200 reserve updates (dedup: 31)
[POOL_WS] 📥 Decoded 4300 reserve updates (dedup: 31)
[WS-COMPUTE] Computing prices for 39 mints from WebSocket state: ['75Dhr6PzP13jMygRiU6zXduduVE7CDkjp4s2cG25pump', 'F7bqt9s1QRFiy9ZgDgUvvgzXHKM3xgfTjHjuDrripump', '6StoYHSpz6ViUwoaNrWH56GG6bGXFPAihvh1FmmZpump', '8guooLoG7cV7EjfvUEbVCSqqTP5XoetgGetCYDv3pump', 'gDjbEGTAeT95TurQUwNM6zKKuMfXtNBguZTwN89pump']
[WS-COMPUTE] Pool state has 40 pool entries (partial + complete)
[POOL_STATE] 75Dhr6Pz: 0 complete, base_only=1, quote_only=0, partial=1
[POOL_STATE] F7bqt9s1: 0 complete, base_only=0, quote_only=1, partial=1
[POOL_STATE] 8guooLoG: 0 complete, base_only=0, quote_only=1, partial=1
[POOL_STATE] gDjbEGTA: 0 complete, base_only=0, quote_only=1, partial=1
[POOL_STATE] 6f9qXbb5: 0 complete, base_only=0, quote_only=1, partial=1
[POOL_STATE] 8Stvfuba: 0 complete, base_only=0, quote_only=1, partial=1
[POOL_STATE] HorJc4Xz: 0 complete, base_only=0, quote_only=1, partial=1
[POOL_STATE] CgvMFvYs: 0 complete, base_only=0, quote_only=1, partial=1
[POOL_STATE] 5DZpvxcQ: 0 complete, base_only=0, quote_only=1, partial=1
[POOL_STATE] 3nhRZuke: 0 complete, base_only=0, quote_only=1, partial=1
[POOL_STATE] 7gfbQSUW: 0 complete, base_only=0, quote_only=1, partial=1
[POOL_STATE] AwyhRei9: 0 complete, base_only=0, quote_only=1, partial=1
[POOL_STATE] 3jrcVETa: 0 complete, base_only=0, quote_only=1, partial=1
[POOL_STATE] B2P5Xyns: 0 complete, base_only=0, quote_only=1, partial=1
[POOL_STATE] 9p1JkU6g: 0 complete, base_only=0, quote_only=1, partial=1
[POOL_STATE] CKGAXZSr: 0 complete, base_only=0, quote_only=1, partial=1
[POOL_STATE] 8Ffrw9EE: 0 complete, base_only=0, quote_only=1, partial=1
[POOL_STATE] CZyU2AMA: 0 complete, base_only=0, quote_only=1, partial=1
[POOL_STATE] By6Rey1n: 0 complete, base_only=0, quote_only=1, partial=1
[POOL_STATE] RtaaD9aC: 0 complete, base_only=0, quote_only=1, partial=1
[POOL_STATE] D5qgZMsu: 0 complete, base_only=0, quote_only=1, partial=1
[POOL_STATE] GfDfRvhG: 0 complete, base_only=1, quote_only=0, partial=1
[POOL_STATE] 5cDhM4yM: 0 complete, base_only=2, quote_only=0, partial=2
[POOL_STATE] 9ZZpxJsV: 0 complete, base_only=0, quote_only=1, partial=1
[POOL_STATE] 8q2iSbbU: 0 complete, base_only=0, quote_only=1, partial=1
[POOL_STATE] xYsjxCWG: 0 complete, base_only=1, quote_only=0, partial=1
[POOL_STATE] CmXzBMY4: 0 complete, base_only=0, quote_only=1, partial=1
[POOL_STATE] DnhSMX7b: 0 complete, base_only=0, quote_only=1, partial=1
[POOL_STATE] AG3VLLrr: 0 complete, base_only=0, quote_only=1, partial=1
[POOL_STATE] 5e6XoKcv: 0 complete, base_only=0, quote_only=1, partial=1
[POOL_WS] 📥 Decoded 4400 reserve updates (dedup: 33)
[POOL_WS] 📥 Decoded 4500 reserve updates (dedup: 34)
[POOL_WS] 📥 Decoded 4600 reserve updates (dedup: 35)
[POOL_WS] 📥 Decoded 4700 reserve updates (dedup: 37)
[POOL_WS] 📥 Decoded 4800 reserve updates (dedup: 37)
[POOL_WS] 📥 Decoded 4900 reserve updates (dedup: 39)
[POOL_WS] 📥 Decoded 5000 reserve updates (dedup: 41)
[POOL_WS] 📥 Decoded 5100 reserve updates (dedup: 41)
[POOL_WS] 📥 Decoded 5200 reserve updates (dedup: 41)
SOL price fetch failed: Cannot connect to host price.jup.ag:443 ssl:default [nodename nor servname provided, or not known]
[SOL_PRICE] ⚠️  Using fallback price: $94.00
[RPC_METRICS] record_request source_file=pool_price_engine method=getMultipleAccounts credits=1 cache_action=none ts=1773745374.193629
[RPC_METRICS] record_request source_file=pool_price_engine method=getMultipleAccounts credits=1 cache_action=none ts=1773745374.359055
[RPC_METRICS] record_request source_file=pool_price_engine method=getMultipleAccounts credits=1 cache_action=none ts=1773745374.497001
[POOL_WS] 📥 Decoded 5300 reserve updates (dedup: 41)
[WS-COMPUTE] Computing prices for 39 mints from WebSocket state: ['75Dhr6PzP13jMygRiU6zXduduVE7CDkjp4s2cG25pump', 'F7bqt9s1QRFiy9ZgDgUvvgzXHKM3xgfTjHjuDrripump', '6StoYHSpz6ViUwoaNrWH56GG6bGXFPAihvh1FmmZpump', '8guooLoG7cV7EjfvUEbVCSqqTP5XoetgGetCYDv3pump', 'gDjbEGTAeT95TurQUwNM6zKKuMfXtNBguZTwN89pump']
[WS-COMPUTE] Pool state has 40 pool entries (partial + complete)
SOL price fetch failed: Cannot connect to host price.jup.ag:443 ssl:default [nodename nor servname provided, or not known]
[SOL_PRICE] ⚠️  Using fallback price: $94.00
[POOL_STATE] 75Dhr6Pz: 0 complete, base_only=1, quote_only=0, partial=1
[POOL_STATE] F7bqt9s1: 0 complete, base_only=0, quote_only=1, partial=1
[POOL_STATE] 8guooLoG: 0 complete, base_only=0, quote_only=1, partial=1
[POOL_STATE] gDjbEGTA: 0 complete, base_only=0, quote_only=1, partial=1
[POOL_STATE] 6f9qXbb5: 0 complete, base_only=0, quote_only=1, partial=1
[POOL_STATE] 8Stvfuba: 0 complete, base_only=0, quote_only=1, partial=1
[POOL_STATE] HorJc4Xz: 0 complete, base_only=0, quote_only=1, partial=1
[POOL_STATE] CgvMFvYs: 0 complete, base_only=0, quote_only=1, partial=1
[POOL_STATE] 5DZpvxcQ: 0 complete, base_only=0, quote_only=1, partial=1
[POOL_STATE] 3nhRZuke: 0 complete, base_only=0, quote_only=1, partial=1
[POOL_STATE] 7gfbQSUW: 0 complete, base_only=0, quote_only=1, partial=1
[POOL_STATE] AwyhRei9: 0 complete, base_only=0, quote_only=1, partial=1
[POOL_STATE] 3jrcVETa: 0 complete, base_only=0, quote_only=1, partial=1
[POOL_STATE] B2P5Xyns: 0 complete, base_only=0, quote_only=1, partial=1
[POOL_STATE] 9p1JkU6g: 0 complete, base_only=0, quote_only=1, partial=1
[POOL_STATE] CKGAXZSr: 0 complete, base_only=0, quote_only=1, partial=1
[POOL_STATE] 8Ffrw9EE: 0 complete, base_only=0, quote_only=1, partial=1
[POOL_STATE] CZyU2AMA: 0 complete, base_only=0, quote_only=1, partial=1
[POOL_STATE] By6Rey1n: 0 complete, base_only=0, quote_only=1, partial=1
[POOL_STATE] RtaaD9aC: 0 complete, base_only=0, quote_only=1, partial=1
[POOL_STATE] D5qgZMsu: 0 complete, base_only=0, quote_only=1, partial=1
[POOL_STATE] GfDfRvhG: 0 complete, base_only=1, quote_only=0, partial=1
[POOL_STATE] 5cDhM4yM: 0 complete, base_only=2, quote_only=0, partial=2
[POOL_STATE] 9ZZpxJsV: 0 complete, base_only=0, quote_only=1, partial=1
[POOL_STATE] 8q2iSbbU: 0 complete, base_only=0, quote_only=1, partial=1
[POOL_STATE] xYsjxCWG: 0 complete, base_only=1, quote_only=0, partial=1
[POOL_STATE] CmXzBMY4: 0 complete, base_only=0, quote_only=1, partial=1
[POOL_STATE] DnhSMX7b: 0 complete, base_only=0, quote_only=1, partial=1
[POOL_STATE] AG3VLLrr: 0 complete, base_only=0, quote_only=1, partial=1
[POOL_STATE] 5e6XoKcv: 0 complete, base_only=0, quote_only=1, partial=1
[POOL_WS] 📥 Decoded 5400 reserve updates (dedup: 42)
[POOL_WS] 📥 Decoded 5500 reserve updates (dedup: 42)
[POOL_WS] 📥 Decoded 5600 reserve updates (dedup: 45)
[POOL_WS] 📥 Decoded 5700 reserve updates (dedup: 45)
[POOL_WS] 📥 Decoded 5800 reserve updates (dedup: 46)
[POOL_WS] 📥 Decoded 5900 reserve updates (dedup: 46)
[POOL_WS] 📥 Decoded 6000 reserve updates (dedup: 46)
[WS-COMPUTE] Computing prices for 39 mints from WebSocket state: ['75Dhr6PzP13jMygRiU6zXduduVE7CDkjp4s2cG25pump', 'F7bqt9s1QRFiy9ZgDgUvvgzXHKM3xgfTjHjuDrripump', '6StoYHSpz6ViUwoaNrWH56GG6bGXFPAihvh1FmmZpump', '8guooLoG7cV7EjfvUEbVCSqqTP5XoetgGetCYDv3pump', 'gDjbEGTAeT95TurQUwNM6zKKuMfXtNBguZTwN89pump']
[WS-COMPUTE] Pool state has 40 pool entries (partial + complete)
[POOL_STATE] 75Dhr6Pz: 0 complete, base_only=1, quote_only=0, partial=1
[POOL_STATE] F7bqt9s1: 0 complete, base_only=0, quote_only=1, partial=1
[POOL_STATE] 8guooLoG: 0 complete, base_only=0, quote_only=1, partial=1
[POOL_STATE] gDjbEGTA: 0 complete, base_only=0, quote_only=1, partial=1
[POOL_STATE] 6f9qXbb5: 0 complete, base_only=0, quote_only=1, partial=1
[POOL_STATE] 8Stvfuba: 0 complete, base_only=0, quote_only=1, partial=1
[POOL_STATE] HorJc4Xz: 0 complete, base_only=0, quote_only=1, partial=1
[POOL_STATE] CgvMFvYs: 0 complete, base_only=0, quote_only=1, partial=1
[POOL_STATE] 5DZpvxcQ: 0 complete, base_only=0, quote_only=1, partial=1
[POOL_STATE] 3nhRZuke: 0 complete, base_only=0, quote_only=1, partial=1
[POOL_STATE] 7gfbQSUW: 0 complete, base_only=0, quote_only=1, partial=1
[POOL_STATE] AwyhRei9: 0 complete, base_only=0, quote_only=1, partial=1
[POOL_STATE] 3jrcVETa: 0 complete, base_only=0, quote_only=1, partial=1
[POOL_STATE] B2P5Xyns: 0 complete, base_only=0, quote_only=1, partial=1
[POOL_STATE] 9p1JkU6g: 0 complete, base_only=0, quote_only=1, partial=1
[POOL_STATE] CKGAXZSr: 0 complete, base_only=0, quote_only=1, partial=1
[POOL_STATE] 8Ffrw9EE: 0 complete, base_only=0, quote_only=1, partial=1
[POOL_STATE] CZyU2AMA: 0 complete, base_only=0, quote_only=1, partial=1
[POOL_STATE] By6Rey1n: 0 complete, base_only=0, quote_only=1, partial=1
[POOL_STATE] RtaaD9aC: 0 complete, base_only=0, quote_only=1, partial=1
[POOL_STATE] D5qgZMsu: 0 complete, base_only=0, quote_only=1, partial=1
[POOL_STATE] GfDfRvhG: 0 complete, base_only=1, quote_only=0, partial=1
[POOL_STATE] 5cDhM4yM: 0 complete, base_only=2, quote_only=0, partial=2
[POOL_STATE] 9ZZpxJsV: 0 complete, base_only=0, quote_only=1, partial=1
[POOL_STATE] 8q2iSbbU: 0 complete, base_only=0, quote_only=1, partial=1
[POOL_STATE] xYsjxCWG: 0 complete, base_only=1, quote_only=0, partial=1
[POOL_STATE] CmXzBMY4: 0 complete, base_only=0, quote_only=1, partial=1
[POOL_STATE] DnhSMX7b: 0 complete, base_only=0, quote_only=1, partial=1
[POOL_STATE] AG3VLLrr: 0 complete, base_only=0, quote_only=1, partial=1
[POOL_STATE] 5e6XoKcv: 0 complete, base_only=0, quote_only=1, partial=1
[POOL_WS] 📥 Decoded 6100 reserve updates (dedup: 49)
[POOL_WS] 📥 Decoded 6200 reserve updates (dedup: 50)
[POOL_WS] 📥 Decoded 6300 reserve updates (dedup: 50)
[POOL_WS] 📥 Decoded 6400 reserve updates (dedup: 50)
[POOL_WS] 📥 Decoded 6500 reserve updates (dedup: 50)
[POOL_WS] 📥 Decoded 6600 reserve updates (dedup: 50)
[POOL_WS] 📥 Decoded 6700 reserve updates (dedup: 50)
[POOL_WS] 📥 Decoded 6800 reserve updates (dedup: 51)
[WS-COMPUTE] Computing prices for 39 mints from WebSocket state: ['75Dhr6PzP13jMygRiU6zXduduVE7CDkjp4s2cG25pump', 'F7bqt9s1QRFiy9ZgDgUvvgzXHKM3xgfTjHjuDrripump', '6StoYHSpz6ViUwoaNrWH56GG6bGXFPAihvh1FmmZpump', '8guooLoG7cV7EjfvUEbVCSqqTP5XoetgGetCYDv3pump', 'gDjbEGTAeT95TurQUwNM6zKKuMfXtNBguZTwN89pump']
[WS-COMPUTE] Pool state has 40 pool entries (partial + complete)
[POOL_STATE] 75Dhr6Pz: 0 complete, base_only=1, quote_only=0, partial=1
[POOL_STATE] F7bqt9s1: 0 complete, base_only=0, quote_only=1, partial=1
[POOL_STATE] 8guooLoG: 0 complete, base_only=0, quote_only=1, partial=1
[POOL_STATE] gDjbEGTA: 0 complete, base_only=0, quote_only=1, partial=1
[POOL_STATE] 6f9qXbb5: 0 complete, base_only=0, quote_only=1, partial=1
[POOL_STATE] 8Stvfuba: 0 complete, base_only=0, quote_only=1, partial=1
[POOL_STATE] HorJc4Xz: 0 complete, base_only=0, quote_only=1, partial=1
[POOL_STATE] CgvMFvYs: 0 complete, base_only=0, quote_only=1, partial=1
[POOL_STATE] 5DZpvxcQ: 0 complete, base_only=0, quote_only=1, partial=1
[POOL_STATE] 3nhRZuke: 0 complete, base_only=0, quote_only=1, partial=1
[POOL_STATE] 7gfbQSUW: 0 complete, base_only=0, quote_only=1, partial=1
[POOL_STATE] AwyhRei9: 0 complete, base_only=0, quote_only=1, partial=1
[POOL_STATE] 3jrcVETa: 0 complete, base_only=0, quote_only=1, partial=1
[POOL_STATE] B2P5Xyns: 0 complete, base_only=0, quote_only=1, partial=1
[POOL_STATE] 9p1JkU6g: 0 complete, base_only=0, quote_only=1, partial=1
[POOL_STATE] CKGAXZSr: 0 complete, base_only=0, quote_only=1, partial=1
[POOL_STATE] 8Ffrw9EE: 0 complete, base_only=0, quote_only=1, partial=1
[POOL_STATE] CZyU2AMA: 0 complete, base_only=0, quote_only=1, partial=1
[POOL_STATE] By6Rey1n: 0 complete, base_only=0, quote_only=1, partial=1
[POOL_STATE] RtaaD9aC: 0 complete, base_only=0, quote_only=1, partial=1
[POOL_STATE] D5qgZMsu: 0 complete, base_only=0, quote_only=1, partial=1
[POOL_STATE] GfDfRvhG: 0 complete, base_only=1, quote_only=0, partial=1
[POOL_STATE] 5cDhM4yM: 0 complete, base_only=2, quote_only=0, partial=2
[POOL_STATE] 9ZZpxJsV: 0 complete, base_only=0, quote_only=1, partial=1
[POOL_STATE] 8q2iSbbU: 0 complete, base_only=0, quote_only=1, partial=1
[POOL_STATE] xYsjxCWG: 0 complete, base_only=1, quote_only=0, partial=1
[POOL_STATE] CmXzBMY4: 0 complete, base_only=0, quote_only=1, partial=1
[POOL_STATE] DnhSMX7b: 0 complete, base_only=0, quote_only=1, partial=1
[POOL_STATE] AG3VLLrr: 0 complete, base_only=0, quote_only=1, partial=1
[POOL_STATE] 5e6XoKcv: 0 complete, base_only=0, quote_only=1, partial=1
[POOL_WS] 📥 Decoded 6900 reserve updates (dedup: 51)
[POOL_WS] 📥 Decoded 7000 reserve updates (dedup: 52)
[POOL_WS] 📥 Decoded 7100 reserve updates (dedup: 53)
[POOL_WS] 📥 Decoded 7200 reserve updates (dedup: 53)
[POOL_WS] 📥 Decoded 7300 reserve updates (dedup: 55)
[POOL_WS] 📥 Decoded 7400 reserve updates (dedup: 55)
[POOL_WS] 📥 Decoded 7500 reserve updates (dedup: 55)
[POOL_WS] 📥 Decoded 7600 reserve updates (dedup: 55)
[POOL_WS] 📥 Decoded 7700 reserve updates (dedup: 55)
[WS-COMPUTE] Computing prices for 40 mints from WebSocket state: ['75Dhr6PzP13jMygRiU6zXduduVE7CDkjp4s2cG25pump', 'F7bqt9s1QRFiy9ZgDgUvvgzXHKM3xgfTjHjuDrripump', '3vqvkb7XBTRwBndj9V6WNiSqKGugWyMXLrdBwnkCpump', '6StoYHSpz6ViUwoaNrWH56GG6bGXFPAihvh1FmmZpump', '8guooLoG7cV7EjfvUEbVCSqqTP5XoetgGetCYDv3pump']
[WS-COMPUTE] Pool state has 41 pool entries (partial + complete)
SOL price fetch failed: Cannot connect to host price.jup.ag:443 ssl:default [nodename nor servname provided, or not known]
[SOL_PRICE] ⚠️  Using fallback price: $94.00
[POOL_STATE] 75Dhr6Pz: 0 complete, base_only=1, quote_only=0, partial=1
[POOL_STATE] F7bqt9s1: 0 complete, base_only=0, quote_only=1, partial=1
[POOL_STATE] 3vqvkb7X: 0 complete, base_only=1, quote_only=0, partial=1
[POOL_STATE] 8guooLoG: 0 complete, base_only=0, quote_only=1, partial=1
[POOL_STATE] gDjbEGTA: 0 complete, base_only=0, quote_only=1, partial=1
[POOL_STATE] 6f9qXbb5: 0 complete, base_only=0, quote_only=1, partial=1
[POOL_STATE] 8Stvfuba: 0 complete, base_only=0, quote_only=1, partial=1
[POOL_STATE] HorJc4Xz: 0 complete, base_only=0, quote_only=1, partial=1
[POOL_STATE] CgvMFvYs: 0 complete, base_only=0, quote_only=1, partial=1
[POOL_STATE] 5DZpvxcQ: 0 complete, base_only=0, quote_only=1, partial=1
[POOL_STATE] 3nhRZuke: 0 complete, base_only=0, quote_only=1, partial=1
[POOL_STATE] 7gfbQSUW: 0 complete, base_only=0, quote_only=1, partial=1
[POOL_STATE] AwyhRei9: 0 complete, base_only=0, quote_only=1, partial=1
[POOL_STATE] 3jrcVETa: 0 complete, base_only=0, quote_only=1, partial=1
[POOL_STATE] B2P5Xyns: 0 complete, base_only=0, quote_only=1, partial=1
[POOL_STATE] 9p1JkU6g: 0 complete, base_only=0, quote_only=1, partial=1
[POOL_STATE] CKGAXZSr: 0 complete, base_only=0, quote_only=1, partial=1
[POOL_STATE] 8Ffrw9EE: 0 complete, base_only=0, quote_only=1, partial=1
[POOL_STATE] CZyU2AMA: 0 complete, base_only=0, quote_only=1, partial=1
[POOL_STATE] By6Rey1n: 0 complete, base_only=0, quote_only=1, partial=1
[POOL_STATE] RtaaD9aC: 0 complete, base_only=0, quote_only=1, partial=1
[POOL_STATE] D5qgZMsu: 0 complete, base_only=0, quote_only=1, partial=1
[POOL_STATE] GfDfRvhG: 0 complete, base_only=1, quote_only=0, partial=1
[POOL_STATE] 5cDhM4yM: 0 complete, base_only=2, quote_only=0, partial=2
[POOL_STATE] 9ZZpxJsV: 0 complete, base_only=0, quote_only=1, partial=1
[POOL_STATE] 8q2iSbbU: 0 complete, base_only=0, quote_only=1, partial=1
[POOL_STATE] xYsjxCWG: 0 complete, base_only=1, quote_only=0, partial=1
[POOL_STATE] CmXzBMY4: 0 complete, base_only=0, quote_only=1, partial=1
[POOL_STATE] DnhSMX7b: 0 complete, base_only=0, quote_only=1, partial=1
[POOL_STATE] AG3VLLrr: 0 complete, base_only=0, quote_only=1, partial=1
[POOL_STATE] 5e6XoKcv: 0 complete, base_only=0, quote_only=1, partial=1
[POOL_WS] 📥 Decoded 7800 reserve updates (dedup: 56)
[POOL_WS] 📥 Decoded 7900 reserve updates (dedup: 59)
[POOL_WS] 📥 Decoded 8000 reserve updates (dedup: 60)
[POOL_WS] 📥 Decoded 8100 reserve updates (dedup: 62)
[POOL_WS] 📥 Decoded 8200 reserve updates (dedup: 65)
[POOL_WS] 📥 Decoded 8300 reserve updates (dedup: 65)
[POOL_WS] 📥 Decoded 8400 reserve updates (dedup: 67)
[SETTINGS] Retrieved - Token History: ❌ OFF
[POOL_WS] 📥 Decoded 8500 reserve updates (dedup: 67)
[POOL_WS] 📥 Decoded 8600 reserve updates (dedup: 68)
[WS-COMPUTE] Computing prices for 40 mints from WebSocket state: ['75Dhr6PzP13jMygRiU6zXduduVE7CDkjp4s2cG25pump', 'F7bqt9s1QRFiy9ZgDgUvvgzXHKM3xgfTjHjuDrripump', '3vqvkb7XBTRwBndj9V6WNiSqKGugWyMXLrdBwnkCpump', '6StoYHSpz6ViUwoaNrWH56GG6bGXFPAihvh1FmmZpump', '8guooLoG7cV7EjfvUEbVCSqqTP5XoetgGetCYDv3pump']
[WS-COMPUTE] Pool state has 41 pool entries (partial + complete)
[POOL_STATE] 75Dhr6Pz: 0 complete, base_only=1, quote_only=0, partial=1
[POOL_STATE] F7bqt9s1: 0 complete, base_only=0, quote_only=1, partial=1
[POOL_STATE] 3vqvkb7X: 0 complete, base_only=1, quote_only=0, partial=1
[POOL_STATE] 8guooLoG: 0 complete, base_only=0, quote_only=1, partial=1
[POOL_STATE] gDjbEGTA: 0 complete, base_only=0, quote_only=1, partial=1
[POOL_STATE] 6f9qXbb5: 0 complete, base_only=0, quote_only=1, partial=1
[POOL_STATE] 8Stvfuba: 0 complete, base_only=0, quote_only=1, partial=1
[POOL_STATE] HorJc4Xz: 0 complete, base_only=0, quote_only=1, partial=1
[POOL_STATE] CgvMFvYs: 0 complete, base_only=0, quote_only=1, partial=1
[POOL_STATE] 5DZpvxcQ: 0 complete, base_only=0, quote_only=1, partial=1
[POOL_STATE] 3nhRZuke: 0 complete, base_only=0, quote_only=1, partial=1
[POOL_STATE] 7gfbQSUW: 0 complete, base_only=0, quote_only=1, partial=1
[POOL_STATE] AwyhRei9: 0 complete, base_only=0, quote_only=1, partial=1
[POOL_STATE] 3jrcVETa: 0 complete, base_only=0, quote_only=1, partial=1
[POOL_STATE] B2P5Xyns: 0 complete, base_only=0, quote_only=1, partial=1
[POOL_STATE] 9p1JkU6g: 0 complete, base_only=0, quote_only=1, partial=1
[POOL_STATE] CKGAXZSr: 0 complete, base_only=0, quote_only=1, partial=1
[POOL_STATE] 8Ffrw9EE: 0 complete, base_only=0, quote_only=1, partial=1
[POOL_STATE] CZyU2AMA: 0 complete, base_only=0, quote_only=1, partial=1
[POOL_STATE] By6Rey1n: 0 complete, base_only=0, quote_only=1, partial=1
[POOL_STATE] RtaaD9aC: 0 complete, base_only=0, quote_only=1, partial=1
[POOL_STATE] D5qgZMsu: 0 complete, base_only=0, quote_only=1, partial=1
[POOL_STATE] GfDfRvhG: 0 complete, base_only=1, quote_only=0, partial=1
[POOL_STATE] 5cDhM4yM: 0 complete, base_only=2, quote_only=0, partial=2
[POOL_STATE] 9ZZpxJsV: 0 complete, base_only=0, quote_only=1, partial=1
[POOL_STATE] 8q2iSbbU: 0 complete, base_only=0, quote_only=1, partial=1
[POOL_STATE] xYsjxCWG: 0 complete, base_only=1, quote_only=0, partial=1
[POOL_STATE] CmXzBMY4: 0 complete, base_only=0, quote_only=1, partial=1
[POOL_STATE] DnhSMX7b: 0 complete, base_only=0, quote_only=1, partial=1
[POOL_STATE] AG3VLLrr: 0 complete, base_only=0, quote_only=1, partial=1
[POOL_STATE] 5e6XoKcv: 0 complete, base_only=0, quote_only=1, partial=1
[POOL_WS] 📥 Decoded 8700 reserve updates (dedup: 68)
[POOL_WS] 📥 Decoded 8800 reserve updates (dedup: 69)
[POOL_WS] 📥 Decoded 8900 reserve updates (dedup: 70)
[POOL_WS] 📥 Decoded 9000 reserve updates (dedup: 71)
[POOL_WS] 📥 Decoded 9100 reserve updates (dedup: 72)
[POOL_WS] 📥 Decoded 9200 reserve updates (dedup: 73)
[POOL_WS] 📥 Decoded 9300 reserve updates (dedup: 74)
[POOL_WS] 📥 Decoded 9400 reserve updates (dedup: 74)
[WS-COMPUTE] Computing prices for 40 mints from WebSocket state: ['75Dhr6PzP13jMygRiU6zXduduVE7CDkjp4s2cG25pump', 'F7bqt9s1QRFiy9ZgDgUvvgzXHKM3xgfTjHjuDrripump', '3vqvkb7XBTRwBndj9V6WNiSqKGugWyMXLrdBwnkCpump', '6StoYHSpz6ViUwoaNrWH56GG6bGXFPAihvh1FmmZpump', '8guooLoG7cV7EjfvUEbVCSqqTP5XoetgGetCYDv3pump']
[WS-COMPUTE] Pool state has 41 pool entries (partial + complete)
[POOL_STATE] 75Dhr6Pz: 0 complete, base_only=1, quote_only=0, partial=1
[POOL_STATE] F7bqt9s1: 0 complete, base_only=0, quote_only=1, partial=1
[POOL_STATE] 3vqvkb7X: 0 complete, base_only=1, quote_only=0, partial=1
[POOL_STATE] 8guooLoG: 0 complete, base_only=0, quote_only=1, partial=1
[POOL_STATE] gDjbEGTA: 0 complete, base_only=0, quote_only=1, partial=1
[POOL_STATE] 6f9qXbb5: 0 complete, base_only=0, quote_only=1, partial=1
[POOL_STATE] 8Stvfuba: 0 complete, base_only=0, quote_only=1, partial=1
[POOL_STATE] HorJc4Xz: 0 complete, base_only=0, quote_only=1, partial=1
[POOL_STATE] CgvMFvYs: 0 complete, base_only=0, quote_only=1, partial=1
[POOL_STATE] 5DZpvxcQ: 0 complete, base_only=0, quote_only=1, partial=1
[POOL_STATE] 3nhRZuke: 0 complete, base_only=0, quote_only=1, partial=1
[POOL_STATE] 7gfbQSUW: 0 complete, base_only=0, quote_only=1, partial=1
[POOL_STATE] AwyhRei9: 0 complete, base_only=0, quote_only=1, partial=1
[POOL_STATE] 3jrcVETa: 0 complete, base_only=0, quote_only=1, partial=1
[POOL_STATE] B2P5Xyns: 0 complete, base_only=0, quote_only=1, partial=1
[POOL_STATE] 9p1JkU6g: 0 complete, base_only=0, quote_only=1, partial=1
[POOL_STATE] CKGAXZSr: 0 complete, base_only=0, quote_only=1, partial=1
[POOL_STATE] 8Ffrw9EE: 0 complete, base_only=0, quote_only=1, partial=1
[POOL_STATE] CZyU2AMA: 0 complete, base_only=0, quote_only=1, partial=1
[POOL_STATE] By6Rey1n: 0 complete, base_only=0, quote_only=1, partial=1
[POOL_STATE] RtaaD9aC: 0 complete, base_only=0, quote_only=1, partial=1
[POOL_STATE] D5qgZMsu: 0 complete, base_only=0, quote_only=1, partial=1
[POOL_STATE] GfDfRvhG: 0 complete, base_only=1, quote_only=0, partial=1
[POOL_STATE] 5cDhM4yM: 0 complete, base_only=2, quote_only=0, partial=2
[POOL_STATE] 9ZZpxJsV: 0 complete, base_only=0, quote_only=1, partial=1
[POOL_STATE] 8q2iSbbU: 0 complete, base_only=0, quote_only=1, partial=1
[POOL_STATE] xYsjxCWG: 0 complete, base_only=1, quote_only=0, partial=1
[POOL_STATE] CmXzBMY4: 0 complete, base_only=0, quote_only=1, partial=1
[POOL_STATE] DnhSMX7b: 0 complete, base_only=0, quote_only=1, partial=1
[POOL_STATE] AG3VLLrr: 0 complete, base_only=0, quote_only=1, partial=1
[POOL_STATE] 5e6XoKcv: 0 complete, base_only=0, quote_only=1, partial=1
[POOL_WS] 📥 Decoded 9500 reserve updates (dedup: 74)
[POOL_WS] 📥 Decoded 9600 reserve updates (dedup: 74)
[POOL_WS] 📥 Decoded 9700 reserve updates (dedup: 76)
[POOL_WS] 📥 Decoded 9800 reserve updates (dedup: 79)
[POOL_WS] 📥 Decoded 9900 reserve updates (dedup: 80)
[POOL_WS] 📥 Decoded 10000 reserve updates (dedup: 81)
[POOL_WS] 📥 Decoded 10100 reserve updates (dedup: 83)
[POOL_WS] 📥 Decoded 10200 reserve updates (dedup: 85)
[POOL_WS] 📥 Decoded 10300 reserve updates (dedup: 87)
SOL price fetch failed: Cannot connect to host price.jup.ag:443 ssl:default [nodename nor servname provided, or not known]
[SOL_PRICE] ⚠️  Using fallback price: $94.00
[RPC_METRICS] record_request source_file=pool_price_engine method=getMultipleAccounts credits=1 cache_action=none ts=1773745437.895985
[RPC_METRICS] record_request source_file=pool_price_engine method=getMultipleAccounts credits=1 cache_action=none ts=1773745438.045256
[RPC_METRICS] record_request source_file=pool_price_engine method=getMultipleAccounts credits=1 cache_action=none ts=1773745438.185523
[WS-COMPUTE] Computing prices for 41 mints from WebSocket state: ['75Dhr6PzP13jMygRiU6zXduduVE7CDkjp4s2cG25pump', 'F7bqt9s1QRFiy9ZgDgUvvgzXHKM3xgfTjHjuDrripump', '3vqvkb7XBTRwBndj9V6WNiSqKGugWyMXLrdBwnkCpump', '6StoYHSpz6ViUwoaNrWH56GG6bGXFPAihvh1FmmZpump', '8guooLoG7cV7EjfvUEbVCSqqTP5XoetgGetCYDv3pump']
[WS-COMPUTE] Pool state has 42 pool entries (partial + complete)
SOL price fetch failed: Cannot connect to host price.jup.ag:443 ssl:default [nodename nor servname provided, or not known]
[SOL_PRICE] ⚠️  Using fallback price: $94.00
[POOL_STATE] 75Dhr6Pz: 0 complete, base_only=1, quote_only=0, partial=1
[POOL_STATE] F7bqt9s1: 0 complete, base_only=0, quote_only=1, partial=1
[POOL_STATE] 3vqvkb7X: 0 complete, base_only=1, quote_only=0, partial=1
[POOL_STATE] 8guooLoG: 0 complete, base_only=0, quote_only=1, partial=1
[POOL_STATE] gDjbEGTA: 0 complete, base_only=0, quote_only=1, partial=1
[POOL_STATE] 6f9qXbb5: 0 complete, base_only=0, quote_only=1, partial=1
[POOL_STATE] 8Stvfuba: 0 complete, base_only=0, quote_only=1, partial=1
[POOL_STATE] HorJc4Xz: 0 complete, base_only=0, quote_only=1, partial=1
[POOL_STATE] CgvMFvYs: 0 complete, base_only=0, quote_only=1, partial=1
[POOL_STATE] 5DZpvxcQ: 0 complete, base_only=0, quote_only=1, partial=1
[POOL_STATE] 3nhRZuke: 0 complete, base_only=0, quote_only=1, partial=1
[POOL_STATE] 7gfbQSUW: 0 complete, base_only=0, quote_only=1, partial=1
[POOL_STATE] Fh4GfsAB: 0 complete, base_only=1, quote_only=0, partial=1
[POOL_STATE] AwyhRei9: 0 complete, base_only=0, quote_only=1, partial=1
[POOL_STATE] 3jrcVETa: 0 complete, base_only=0, quote_only=1, partial=1
[POOL_STATE] B2P5Xyns: 0 complete, base_only=0, quote_only=1, partial=1
[POOL_STATE] 9p1JkU6g: 0 complete, base_only=0, quote_only=1, partial=1
[POOL_STATE] CKGAXZSr: 0 complete, base_only=0, quote_only=1, partial=1
[POOL_STATE] 8Ffrw9EE: 0 complete, base_only=0, quote_only=1, partial=1
[POOL_STATE] CZyU2AMA: 0 complete, base_only=0, quote_only=1, partial=1
[POOL_STATE] By6Rey1n: 0 complete, base_only=0, quote_only=1, partial=1
[POOL_STATE] RtaaD9aC: 0 complete, base_only=0, quote_only=1, partial=1
[POOL_STATE] D5qgZMsu: 0 complete, base_only=0, quote_only=1, partial=1
[POOL_STATE] GfDfRvhG: 0 complete, base_only=1, quote_only=0, partial=1
[POOL_STATE] 5cDhM4yM: 0 complete, base_only=2, quote_only=0, partial=2
[POOL_STATE] 9ZZpxJsV: 0 complete, base_only=0, quote_only=1, partial=1
[POOL_STATE] 8q2iSbbU: 0 complete, base_only=0, quote_only=1, partial=1
[POOL_STATE] xYsjxCWG: 0 complete, base_only=1, quote_only=0, partial=1
[POOL_STATE] CmXzBMY4: 0 complete, base_only=0, quote_only=1, partial=1
[POOL_STATE] DnhSMX7b: 0 complete, base_only=0, quote_only=1, partial=1
[POOL_STATE] AG3VLLrr: 0 complete, base_only=0, quote_only=1, partial=1
[POOL_STATE] 5e6XoKcv: 0 complete, base_only=0, quote_only=1, partial=1
[POOL_WS] 📥 Decoded 10400 reserve updates (dedup: 87)
[POOL_WS] 📥 Decoded 10500 reserve updates (dedup: 87)
[POOL_WS] 📥 Decoded 10600 reserve updates (dedup: 89)
[POOL_WS] 📥 Decoded 10700 reserve updates (dedup: 89)
[POOL_WS] 📥 Decoded 10800 reserve updates (dedup: 89)
[POOL_WS] 📥 Decoded 10900 reserve updates (dedup: 90)
[POOL_WS] 📥 Decoded 11000 reserve updates (dedup: 90)
[WS-COMPUTE] Computing prices for 41 mints from WebSocket state: ['75Dhr6PzP13jMygRiU6zXduduVE7CDkjp4s2cG25pump', 'F7bqt9s1QRFiy9ZgDgUvvgzXHKM3xgfTjHjuDrripump', '3vqvkb7XBTRwBndj9V6WNiSqKGugWyMXLrdBwnkCpump', '6StoYHSpz6ViUwoaNrWH56GG6bGXFPAihvh1FmmZpump', '8guooLoG7cV7EjfvUEbVCSqqTP5XoetgGetCYDv3pump']
[WS-COMPUTE] Pool state has 42 pool entries (partial + complete)
[POOL_STATE] 75Dhr6Pz: 0 complete, base_only=1, quote_only=0, partial=1
[POOL_STATE] F7bqt9s1: 0 complete, base_only=0, quote_only=1, partial=1
[POOL_STATE] 3vqvkb7X: 0 complete, base_only=1, quote_only=0, partial=1
[POOL_STATE] 8guooLoG: 0 complete, base_only=0, quote_only=1, partial=1
[POOL_STATE] gDjbEGTA: 0 complete, base_only=0, quote_only=1, partial=1
[POOL_STATE] 6f9qXbb5: 0 complete, base_only=0, quote_only=1, partial=1
[POOL_STATE] 8Stvfuba: 0 complete, base_only=0, quote_only=1, partial=1
[POOL_STATE] HorJc4Xz: 0 complete, base_only=0, quote_only=1, partial=1
[POOL_STATE] CgvMFvYs: 0 complete, base_only=0, quote_only=1, partial=1
[POOL_STATE] 5DZpvxcQ: 0 complete, base_only=0, quote_only=1, partial=1
[POOL_STATE] 3nhRZuke: 0 complete, base_only=0, quote_only=1, partial=1
[POOL_STATE] 7gfbQSUW: 0 complete, base_only=0, quote_only=1, partial=1
[POOL_STATE] Fh4GfsAB: 0 complete, base_only=1, quote_only=0, partial=1
[POOL_STATE] AwyhRei9: 0 complete, base_only=0, quote_only=1, partial=1
[POOL_STATE] 3jrcVETa: 0 complete, base_only=0, quote_only=1, partial=1
[POOL_STATE] B2P5Xyns: 0 complete, base_only=0, quote_only=1, partial=1
[POOL_STATE] 9p1JkU6g: 0 complete, base_only=0, quote_only=1, partial=1
[POOL_STATE] CKGAXZSr: 0 complete, base_only=0, quote_only=1, partial=1
[POOL_STATE] 8Ffrw9EE: 0 complete, base_only=0, quote_only=1, partial=1
[POOL_STATE] CZyU2AMA: 0 complete, base_only=0, quote_only=1, partial=1
[POOL_STATE] By6Rey1n: 0 complete, base_only=0, quote_only=1, partial=1
[POOL_STATE] RtaaD9aC: 0 complete, base_only=0, quote_only=1, partial=1
[POOL_STATE] D5qgZMsu: 0 complete, base_only=0, quote_only=1, partial=1
[POOL_STATE] GfDfRvhG: 0 complete, base_only=1, quote_only=0, partial=1
[POOL_STATE] 5cDhM4yM: 0 complete, base_only=2, quote_only=0, partial=2
[POOL_STATE] 9ZZpxJsV: 0 complete, base_only=0, quote_only=1, partial=1
[POOL_STATE] 8q2iSbbU: 0 complete, base_only=0, quote_only=1, partial=1
[POOL_STATE] xYsjxCWG: 0 complete, base_only=1, quote_only=0, partial=1
[POOL_STATE] CmXzBMY4: 0 complete, base_only=0, quote_only=1, partial=1
[POOL_STATE] DnhSMX7b: 0 complete, base_only=0, quote_only=1, partial=1
[POOL_STATE] AG3VLLrr: 0 complete, base_only=0, quote_only=1, partial=1
[POOL_STATE] 5e6XoKcv: 0 complete, base_only=0, quote_only=1, partial=1
[POOL_WS] 📥 Decoded 11100 reserve updates (dedup: 92)
[POOL_WS] 📥 Decoded 11200 reserve updates (dedup: 92)
[POOL_WS] 📥 Decoded 11300 reserve updates (dedup: 93)
[POOL_WS] 📥 Decoded 11400 reserve updates (dedup: 94)
[POOL_WS] 📥 Decoded 11500 reserve updates (dedup: 96)
[POOL_WS] 📥 Decoded 11600 reserve updates (dedup: 98)
[POOL_WS] 📥 Decoded 11700 reserve updates (dedup: 98)
[POOL_WS] 📥 Decoded 11800 reserve updates (dedup: 100)
[POOL_STATE] ✅ READY: 5cDhM4yM... both reserves!
[POOL_WS] 📥 Decoded 11900 reserve updates (dedup: 102)
[WS-COMPUTE] Computing prices for 41 mints from WebSocket state: ['75Dhr6PzP13jMygRiU6zXduduVE7CDkjp4s2cG25pump', 'F7bqt9s1QRFiy9ZgDgUvvgzXHKM3xgfTjHjuDrripump', '3vqvkb7XBTRwBndj9V6WNiSqKGugWyMXLrdBwnkCpump', '6StoYHSpz6ViUwoaNrWH56GG6bGXFPAihvh1FmmZpump', '8guooLoG7cV7EjfvUEbVCSqqTP5XoetgGetCYDv3pump']
[WS-COMPUTE] Pool state has 43 pool entries (partial + complete)
[POOL_STATE] 75Dhr6Pz: 0 complete, base_only=1, quote_only=0, partial=1
[POOL_STATE] F7bqt9s1: 0 complete, base_only=0, quote_only=1, partial=1
[POOL_STATE] 3vqvkb7X: 0 complete, base_only=1, quote_only=0, partial=1
[POOL_STATE] 8guooLoG: 0 complete, base_only=0, quote_only=1, partial=1
[POOL_STATE] gDjbEGTA: 0 complete, base_only=0, quote_only=1, partial=1
[POOL_STATE] 6f9qXbb5: 0 complete, base_only=0, quote_only=1, partial=1
[POOL_STATE] 8Stvfuba: 0 complete, base_only=0, quote_only=1, partial=1
[POOL_STATE] HorJc4Xz: 0 complete, base_only=0, quote_only=1, partial=1
[POOL_STATE] CgvMFvYs: 0 complete, base_only=0, quote_only=1, partial=1
[POOL_STATE] 5DZpvxcQ: 0 complete, base_only=0, quote_only=1, partial=1
[POOL_STATE] 3nhRZuke: 0 complete, base_only=0, quote_only=1, partial=1
[POOL_STATE] 7gfbQSUW: 0 complete, base_only=0, quote_only=1, partial=1
[POOL_STATE] Fh4GfsAB: 0 complete, base_only=1, quote_only=0, partial=1
[POOL_STATE] AwyhRei9: 0 complete, base_only=0, quote_only=1, partial=1
[POOL_STATE] 3jrcVETa: 0 complete, base_only=0, quote_only=1, partial=1
[POOL_STATE] B2P5Xyns: 0 complete, base_only=0, quote_only=1, partial=1
[POOL_STATE] 9p1JkU6g: 0 complete, base_only=0, quote_only=1, partial=1
[POOL_STATE] CKGAXZSr: 0 complete, base_only=0, quote_only=1, partial=1
[POOL_STATE] 8Ffrw9EE: 0 complete, base_only=0, quote_only=1, partial=1
[POOL_STATE] CZyU2AMA: 0 complete, base_only=0, quote_only=1, partial=1
[POOL_STATE] By6Rey1n: 0 complete, base_only=0, quote_only=1, partial=1
[POOL_STATE] RtaaD9aC: 0 complete, base_only=0, quote_only=1, partial=1
[POOL_STATE] D5qgZMsu: 0 complete, base_only=0, quote_only=1, partial=1
[POOL_STATE] GfDfRvhG: 0 complete, base_only=1, quote_only=0, partial=1
[POOL_STATE] 9ZZpxJsV: 0 complete, base_only=0, quote_only=1, partial=1
[POOL_STATE] 8q2iSbbU: 0 complete, base_only=0, quote_only=1, partial=1
[POOL_STATE] xYsjxCWG: 0 complete, base_only=1, quote_only=0, partial=1
[POOL_STATE] CmXzBMY4: 0 complete, base_only=0, quote_only=1, partial=1
[POOL_STATE] DnhSMX7b: 0 complete, base_only=0, quote_only=1, partial=1
[POOL_STATE] AG3VLLrr: 0 complete, base_only=0, quote_only=1, partial=1
[POOL_STATE] 5e6XoKcv: 0 complete, base_only=0, quote_only=1, partial=1
[POOL_WS] 📥 Decoded 12000 reserve updates (dedup: 103)
[POOL_WS] 📥 Decoded 12100 reserve updates (dedup: 105)
[POOL_WS] 📥 Decoded 12200 reserve updates (dedup: 106)
[POOL_WS] 📥 Decoded 12300 reserve updates (dedup: 107)
[POOL_WS] 📥 Decoded 12400 reserve updates (dedup: 107)
[POOL_WS] 📥 Decoded 12500 reserve updates (dedup: 107)
[POOL_WS] 📥 Decoded 12600 reserve updates (dedup: 107)
[POOL_WS] 📥 Decoded 12700 reserve updates (dedup: 107)
[WS-COMPUTE] Computing prices for 41 mints from WebSocket state: ['75Dhr6PzP13jMygRiU6zXduduVE7CDkjp4s2cG25pump', 'F7bqt9s1QRFiy9ZgDgUvvgzXHKM3xgfTjHjuDrripump', '3vqvkb7XBTRwBndj9V6WNiSqKGugWyMXLrdBwnkCpump', '6StoYHSpz6ViUwoaNrWH56GG6bGXFPAihvh1FmmZpump', '8guooLoG7cV7EjfvUEbVCSqqTP5XoetgGetCYDv3pump']
[WS-COMPUTE] Pool state has 43 pool entries (partial + complete)
SOL price fetch failed: Cannot connect to host price.jup.ag:443 ssl:default [nodename nor servname provided, or not known]
[SOL_PRICE] ⚠️  Using fallback price: $94.00
[POOL_STATE] 75Dhr6Pz: 0 complete, base_only=1, quote_only=0, partial=1
[POOL_STATE] F7bqt9s1: 0 complete, base_only=0, quote_only=1, partial=1
[POOL_STATE] 3vqvkb7X: 0 complete, base_only=1, quote_only=0, partial=1
[POOL_STATE] 8guooLoG: 0 complete, base_only=0, quote_only=1, partial=1
[POOL_STATE] gDjbEGTA: 0 complete, base_only=0, quote_only=1, partial=1
[POOL_STATE] 6f9qXbb5: 0 complete, base_only=0, quote_only=1, partial=1
[POOL_STATE] 8Stvfuba: 0 complete, base_only=0, quote_only=1, partial=1
[POOL_STATE] HorJc4Xz: 0 complete, base_only=0, quote_only=1, partial=1
[POOL_STATE] CgvMFvYs: 0 complete, base_only=0, quote_only=1, partial=1
[POOL_STATE] 5DZpvxcQ: 0 complete, base_only=0, quote_only=1, partial=1
[POOL_STATE] 3nhRZuke: 0 complete, base_only=0, quote_only=1, partial=1
[POOL_STATE] 7gfbQSUW: 0 complete, base_only=0, quote_only=1, partial=1
[POOL_STATE] Fh4GfsAB: 0 complete, base_only=1, quote_only=0, partial=1
[POOL_STATE] AwyhRei9: 0 complete, base_only=0, quote_only=1, partial=1
[POOL_STATE] 3jrcVETa: 0 complete, base_only=0, quote_only=1, partial=1
[POOL_STATE] B2P5Xyns: 0 complete, base_only=0, quote_only=1, partial=1
[POOL_STATE] 9p1JkU6g: 0 complete, base_only=0, quote_only=1, partial=1
[POOL_STATE] CKGAXZSr: 0 complete, base_only=0, quote_only=1, partial=1
[POOL_STATE] 8Ffrw9EE: 0 complete, base_only=0, quote_only=1, partial=1
[POOL_STATE] CZyU2AMA: 0 complete, base_only=0, quote_only=1, partial=1
[POOL_STATE] By6Rey1n: 0 complete, base_only=0, quote_only=1, partial=1
[POOL_STATE] RtaaD9aC: 0 complete, base_only=0, quote_only=1, partial=1
[POOL_STATE] D5qgZMsu: 0 complete, base_only=0, quote_only=1, partial=1
[POOL_STATE] GfDfRvhG: 0 complete, base_only=1, quote_only=0, partial=1
[POOL_STATE] 9ZZpxJsV: 0 complete, base_only=0, quote_only=1, partial=1
[POOL_STATE] 8q2iSbbU: 0 complete, base_only=0, quote_only=1, partial=1
[POOL_STATE] xYsjxCWG: 0 complete, base_only=1, quote_only=0, partial=1
[POOL_STATE] CmXzBMY4: 0 complete, base_only=0, quote_only=1, partial=1
[POOL_STATE] DnhSMX7b: 0 complete, base_only=0, quote_only=1, partial=1
[POOL_STATE] AG3VLLrr: 0 complete, base_only=0, quote_only=1, partial=1
[POOL_STATE] 5e6XoKcv: 0 complete, base_only=0, quote_only=1, partial=1
[POOL_WS] 📥 Decoded 12800 reserve updates (dedup: 109)
